HaskellTokenType.module ('module')
WHITE_SPACE (' ')
HaskellTokenType.conidRegexp ('DefaultSignatures00001')
WHITE_SPACE (' ')
HaskellTokenType.where ('where')
WHITE_SPACE ('\n')
WHITE_SPACE ('\n')
HaskellTokenType.Synthetic leftbrace ('')
HaskellTokenType.class ('class')
WHITE_SPACE (' ')
HaskellTokenType.conidRegexp ('Foo')
WHITE_SPACE (' ')
HaskellTokenType.varidRegexp ('a')
WHITE_SPACE (' ')
HaskellTokenType.where ('where')
WHITE_SPACE ('\n')
WHITE_SPACE (' ')
WHITE_SPACE (' ')
HaskellTokenType.Synthetic leftbrace ('')
HaskellTokenType.varidRegexp ('foo')
WHITE_SPACE (' ')
HaskellTokenType.:: ('::')
WHITE_SPACE (' ')
HaskellTokenType.varidRegexp ('a')
WHITE_SPACE (' ')
HaskellTokenType.-> ('->')
WHITE_SPACE (' ')
HaskellTokenType.conidRegexp ('String')
WHITE_SPACE ('\n')
WHITE_SPACE (' ')
WHITE_SPACE (' ')
HaskellTokenType.Synthetic semicolon ('')
HaskellTokenType.default ('default')
WHITE_SPACE (' ')
HaskellTokenType.varidRegexp ('foo')
WHITE_SPACE (' ')
HaskellTokenType.:: ('::')
WHITE_SPACE (' ')
HaskellTokenType.( ('(')
HaskellTokenType.conidRegexp ('Show')
WHITE_SPACE (' ')
HaskellTokenType.varidRegexp ('a')
HaskellTokenType.) (')')
WHITE_SPACE (' ')
HaskellTokenType.=> ('=>')
WHITE_SPACE (' ')
HaskellTokenType.varidRegexp ('a')
WHITE_SPACE (' ')
HaskellTokenType.-> ('->')
WHITE_SPACE (' ')
HaskellTokenType.conidRegexp ('String')
WHITE_SPACE ('\n')
WHITE_SPACE (' ')
WHITE_SPACE (' ')
HaskellTokenType.Synthetic semicolon ('')
HaskellTokenType.varidRegexp ('foo')
WHITE_SPACE (' ')
HaskellTokenType.= ('=')
WHITE_SPACE (' ')
HaskellTokenType.varidRegexp ('show')
HaskellTokenType.Synthetic rightbrace ('')
HaskellTokenType.Synthetic rightbrace ('')