HaskellTokenType.module ('module')
WHITE_SPACE (' ')
HaskellTokenType.conidRegexp ('DerivingStrategies00001')
WHITE_SPACE (' ')
HaskellTokenType.where ('where')
WHITE_SPACE ('\n')
WHITE_SPACE ('\n')
HaskellTokenType.Synthetic leftbrace ('')
HaskellTokenType.data ('data')
WHITE_SPACE (' ')
HaskellTokenType.conidRegexp ('Foo')
WHITE_SPACE (' ')
HaskellTokenType.= ('=')
WHITE_SPACE (' ')
HaskellTokenType.conidRegexp ('Foo')
WHITE_SPACE ('\n')
WHITE_SPACE (' ')
WHITE_SPACE (' ')
HaskellTokenType.deriving ('deriving')
WHITE_SPACE (' ')
HaskellTokenType.varidRegexp ('stock')
WHITE_SPACE (' ')
HaskellTokenType.( ('(')
HaskellTokenType.conidRegexp ('Bar')
HaskellTokenType.) (')')
WHITE_SPACE ('\n')
WHITE_SPACE ('\n')
HaskellTokenType.Synthetic semicolon ('')
HaskellTokenType.data ('data')
WHITE_SPACE (' ')
HaskellTokenType.conidRegexp ('Foo')
WHITE_SPACE (' ')
HaskellTokenType.= ('=')
WHITE_SPACE (' ')
HaskellTokenType.conidRegexp ('Foo')
WHITE_SPACE ('\n')
WHITE_SPACE (' ')
WHITE_SPACE (' ')
HaskellTokenType.deriving ('deriving')
WHITE_SPACE (' ')
HaskellTokenType.varidRegexp ('anyclass')
WHITE_SPACE (' ')
HaskellTokenType.( ('(')
HaskellTokenType.conidRegexp ('Bar')
HaskellTokenType.) (')')
WHITE_SPACE ('\n')
WHITE_SPACE ('\n')
HaskellTokenType.Synthetic semicolon ('')
HaskellTokenType.data ('data')
WHITE_SPACE (' ')
HaskellTokenType.conidRegexp ('Foo')
WHITE_SPACE (' ')
HaskellTokenType.= ('=')
WHITE_SPACE (' ')
HaskellTokenType.conidRegexp ('Foo')
WHITE_SPACE ('\n')
WHITE_SPACE (' ')
WHITE_SPACE (' ')
HaskellTokenType.deriving ('deriving')
WHITE_SPACE (' ')
HaskellTokenType.varidRegexp ('stock')
WHITE_SPACE (' ')
HaskellTokenType.( ('(')
HaskellTokenType.conidRegexp ('Bar')
HaskellTokenType.) (')')
WHITE_SPACE ('\n')
WHITE_SPACE (' ')
WHITE_SPACE (' ')
HaskellTokenType.deriving ('deriving')
WHITE_SPACE (' ')
HaskellTokenType.varidRegexp ('anyclass')
WHITE_SPACE (' ')
HaskellTokenType.( ('(')
HaskellTokenType.conidRegexp ('Bar')
HaskellTokenType.) (')')
WHITE_SPACE ('\n')
WHITE_SPACE ('\n')
WHITE_SPACE ('\n')
HaskellTokenType.Synthetic semicolon ('')
HaskellTokenType.newtype ('newtype')
WHITE_SPACE (' ')
HaskellTokenType.conidRegexp ('Foo')
WHITE_SPACE (' ')
HaskellTokenType.= ('=')
WHITE_SPACE (' ')
HaskellTokenType.conidRegexp ('Foo')
WHITE_SPACE (' ')
HaskellTokenType.conidRegexp ('Int')
WHITE_SPACE ('\n')
WHITE_SPACE (' ')
WHITE_SPACE (' ')
HaskellTokenType.deriving ('deriving')
WHITE_SPACE (' ')
HaskellTokenType.varidRegexp ('stock')
WHITE_SPACE (' ')
HaskellTokenType.( ('(')
HaskellTokenType.conidRegexp ('Bar')
HaskellTokenType.) (')')
WHITE_SPACE ('\n')
WHITE_SPACE ('\n')
HaskellTokenType.Synthetic semicolon ('')
HaskellTokenType.newtype ('newtype')
WHITE_SPACE (' ')
HaskellTokenType.conidRegexp ('Foo')
WHITE_SPACE (' ')
HaskellTokenType.= ('=')
WHITE_SPACE (' ')
HaskellTokenType.conidRegexp ('Foo')
WHITE_SPACE (' ')
HaskellTokenType.conidRegexp ('Int')
WHITE_SPACE ('\n')
WHITE_SPACE (' ')
WHITE_SPACE (' ')
HaskellTokenType.deriving ('deriving')
WHITE_SPACE (' ')
HaskellTokenType.newtype ('newtype')
WHITE_SPACE (' ')
HaskellTokenType.( ('(')
HaskellTokenType.conidRegexp ('Bar')
HaskellTokenType.) (')')
WHITE_SPACE ('\n')
WHITE_SPACE ('\n')
HaskellTokenType.Synthetic semicolon ('')
HaskellTokenType.newtype ('newtype')
WHITE_SPACE (' ')
HaskellTokenType.conidRegexp ('Foo')
WHITE_SPACE (' ')
HaskellTokenType.= ('=')
WHITE_SPACE (' ')
HaskellTokenType.conidRegexp ('Foo')
WHITE_SPACE (' ')
HaskellTokenType.conidRegexp ('Int')
WHITE_SPACE ('\n')
WHITE_SPACE (' ')
WHITE_SPACE (' ')
HaskellTokenType.deriving ('deriving')
WHITE_SPACE (' ')
HaskellTokenType.varidRegexp ('anyclass')
WHITE_SPACE (' ')
HaskellTokenType.( ('(')
HaskellTokenType.conidRegexp ('Bar')
HaskellTokenType.) (')')
WHITE_SPACE ('\n')
WHITE_SPACE ('\n')
HaskellTokenType.Synthetic semicolon ('')
HaskellTokenType.newtype ('newtype')
WHITE_SPACE (' ')
HaskellTokenType.conidRegexp ('Foo')
WHITE_SPACE (' ')
HaskellTokenType.= ('=')
WHITE_SPACE (' ')
HaskellTokenType.conidRegexp ('Foo')
WHITE_SPACE (' ')
HaskellTokenType.conidRegexp ('Int')
WHITE_SPACE ('\n')
WHITE_SPACE (' ')
WHITE_SPACE (' ')
HaskellTokenType.deriving ('deriving')
WHITE_SPACE (' ')
HaskellTokenType.varidRegexp ('stock')
WHITE_SPACE (' ')
HaskellTokenType.( ('(')
HaskellTokenType.conidRegexp ('Bar')
HaskellTokenType.) (')')
WHITE_SPACE ('\n')
WHITE_SPACE (' ')
WHITE_SPACE (' ')
HaskellTokenType.deriving ('deriving')
WHITE_SPACE (' ')
HaskellTokenType.newtype ('newtype')
WHITE_SPACE (' ')
HaskellTokenType.( ('(')
HaskellTokenType.conidRegexp ('Bar')
HaskellTokenType.) (')')
WHITE_SPACE ('\n')
WHITE_SPACE (' ')
WHITE_SPACE (' ')
HaskellTokenType.deriving ('deriving')
WHITE_SPACE (' ')
HaskellTokenType.varidRegexp ('anyclass')
WHITE_SPACE (' ')
HaskellTokenType.( ('(')
HaskellTokenType.conidRegexp ('Bar')
HaskellTokenType.) (')')
HaskellTokenType.Synthetic rightbrace ('')