HaskellTokenType.module ('module')
WHITE_SPACE (' ')
HaskellTokenType.conidRegexp ('Import00008')
WHITE_SPACE (' ')
HaskellTokenType.where ('where')
WHITE_SPACE ('\n')
WHITE_SPACE ('\n')
HaskellTokenType.Synthetic leftbrace ('')
HaskellTokenType.import ('import')
WHITE_SPACE (' ')
HaskellTokenType.conidRegexp ('Control')
HaskellTokenType.. ('.')
HaskellTokenType.conidRegexp ('Natural')
WHITE_SPACE (' ')
HaskellTokenType.( ('(')
HaskellTokenType.type ('type')
WHITE_SPACE (' ')
HaskellTokenType.( ('(')
HaskellTokenType.VarsymPlus ('~>')
HaskellTokenType.) (')')
HaskellTokenType.) (')')
HaskellTokenType.Synthetic rightbrace ('')