Haskell File
  PPRAGMA
    PsiElement(HaskellTokenType.{-#)('{-#')
    PsiElement(HaskellTokenType.PRAGMA)('LANGUAGE')
    PsiElement(HaskellTokenType.PRAGMA)('MagicHash,')
    PsiElement(HaskellTokenType.PRAGMA)('FlexibleContexts,')
    PsiElement(HaskellTokenType.PRAGMA)('MultiParamTypeClasses,')
    PsiElement(HaskellTokenType.PRAGMA)('TypeFamilies,')
    PsiElement(HaskellTokenType.PRAGMA)('DataKinds')
    PsiElement(HaskellTokenType.#-})('#-}')
  MODULEDECL
    PsiElement(HaskellTokenType.module)('module')
    QCONID
      CONID
        PsiElement(HaskellTokenType.conidRegexp)('Eta00001')
    PsiElement(HaskellTokenType.where)('where')
  BODY
    DATADECL
      PsiElement(HaskellTokenType.data)('data')
      PPRAGMA
        PsiElement(HaskellTokenType.{-#)('{-#')
        PsiElement(HaskellTokenType.PRAGMA)('CLASS')
        PsiElement(HaskellTokenType.PRAGMA)('"java.util.Collection"')
        PsiElement(HaskellTokenType.#-})('#-}')
      TYPEE
        ATYPE
          OQTYCON
            QTYCON
              TYCON
                CONID
                  PsiElement(HaskellTokenType.conidRegexp)('Collection')
        ATYPE
          TYVAR
            VARID
              PsiElement(HaskellTokenType.varidRegexp)('a')
      PsiElement(HaskellTokenType.=)('=')
      CONSTR
        CON
          CONID
            PsiElement(HaskellTokenType.conidRegexp)('Collection')
        ATYPE
          PsiElement(HaskellTokenType.()('(')
          CTYPE
            TYPEE
              ATYPE
                OQTYCON
                  QTYCON
                    TYCON
                      CONID
                        PsiElement(HaskellTokenType.conidRegexp)('Object')
                PsiElement(HaskellTokenType.#)('#')
              ATYPE
                PsiElement(HaskellTokenType.()('(')
                CTYPE
                  TYPEE
                    ATYPE
                      OQTYCON
                        QTYCON
                          TYCON
                            CONID
                              PsiElement(HaskellTokenType.conidRegexp)('Collection')
                    ATYPE
                      TYVAR
                        VARID
                          PsiElement(HaskellTokenType.varidRegexp)('a')
                PsiElement(HaskellTokenType.))(')')
          PsiElement(HaskellTokenType.))(')')
    DATADECL
      PsiElement(HaskellTokenType.data)('data')
      PPRAGMA
        PsiElement(HaskellTokenType.{-#)('{-#')
        PsiElement(HaskellTokenType.PRAGMA)('CLASS')
        PsiElement(HaskellTokenType.PRAGMA)('"java.util.ArrayList"')
        PsiElement(HaskellTokenType.#-})('#-}')
      TYPEE
        ATYPE
          OQTYCON
            QTYCON
              TYCON
                CONID
                  PsiElement(HaskellTokenType.conidRegexp)('ArrayList')
        ATYPE
          TYVAR
            VARID
              PsiElement(HaskellTokenType.varidRegexp)('a')
      PsiElement(HaskellTokenType.=)('=')
      CONSTR
        CON
          CONID
            PsiElement(HaskellTokenType.conidRegexp)('ArrayList')
        ATYPE
          PsiElement(HaskellTokenType.()('(')
          CTYPE
            TYPEE
              ATYPE
                OQTYCON
                  QTYCON
                    TYCON
                      CONID
                        PsiElement(HaskellTokenType.conidRegexp)('Object')
                PsiElement(HaskellTokenType.#)('#')
              ATYPE
                PsiElement(HaskellTokenType.()('(')
                CTYPE
                  TYPEE
                    ATYPE
                      OQTYCON
                        QTYCON
                          TYCON
                            CONID
                              PsiElement(HaskellTokenType.conidRegexp)('ArrayList')
                    ATYPE
                      TYVAR
                        VARID
                          PsiElement(HaskellTokenType.varidRegexp)('a')
                PsiElement(HaskellTokenType.))(')')
          PsiElement(HaskellTokenType.))(')')
    DATADECL
      PsiElement(HaskellTokenType.data)('data')
      PPRAGMA
        PsiElement(HaskellTokenType.{-#)('{-#')
        PsiElement(HaskellTokenType.PRAGMA)('CLASS')
        PsiElement(HaskellTokenType.PRAGMA)('"java.util.List"')
        PsiElement(HaskellTokenType.#-})('#-}')
      TYPEE
        ATYPE
          OQTYCON
            QTYCON
              TYCON
                CONID
                  PsiElement(HaskellTokenType.conidRegexp)('List')
        ATYPE
          TYVAR
            VARID
              PsiElement(HaskellTokenType.varidRegexp)('a')
      PsiElement(HaskellTokenType.=)('=')
      CONSTR
        CON
          CONID
            PsiElement(HaskellTokenType.conidRegexp)('List')
        ATYPE
          PsiElement(HaskellTokenType.()('(')
          CTYPE
            TYPEE
              ATYPE
                OQTYCON
                  QTYCON
                    TYCON
                      CONID
                        PsiElement(HaskellTokenType.conidRegexp)('Object')
                PsiElement(HaskellTokenType.#)('#')
              ATYPE
                PsiElement(HaskellTokenType.()('(')
                CTYPE
                  TYPEE
                    ATYPE
                      OQTYCON
                        QTYCON
                          TYCON
                            CONID
                              PsiElement(HaskellTokenType.conidRegexp)('List')
                    ATYPE
                      TYVAR
                        VARID
                          PsiElement(HaskellTokenType.varidRegexp)('a')
                PsiElement(HaskellTokenType.))(')')
          PsiElement(HaskellTokenType.))(')')
    DATADECL
      PsiElement(HaskellTokenType.data)('data')
      PPRAGMA
        PsiElement(HaskellTokenType.{-#)('{-#')
        PsiElement(HaskellTokenType.PRAGMA)('CLASS')
        PsiElement(HaskellTokenType.PRAGMA)('"java.lang.Integer"')
        PsiElement(HaskellTokenType.#-})('#-}')
      TYPEE
        ATYPE
          OQTYCON
            QTYCON
              TYCON
                CONID
                  PsiElement(HaskellTokenType.conidRegexp)('JInteger')
      PsiElement(HaskellTokenType.=)('=')
      CONSTR
        CON
          CONID
            PsiElement(HaskellTokenType.conidRegexp)('JInteger')
        ATYPE
          PsiElement(HaskellTokenType.()('(')
          CTYPE
            TYPEE
              ATYPE
                OQTYCON
                  QTYCON
                    TYCON
                      CONID
                        PsiElement(HaskellTokenType.conidRegexp)('Object')
                PsiElement(HaskellTokenType.#)('#')
              ATYPE
                OQTYCON
                  QTYCON
                    TYCON
                      CONID
                        PsiElement(HaskellTokenType.conidRegexp)('JInteger')
          PsiElement(HaskellTokenType.))(')')
    DATADECL
      PsiElement(HaskellTokenType.data)('data')
      PPRAGMA
        PsiElement(HaskellTokenType.{-#)('{-#')
        PsiElement(HaskellTokenType.PRAGMA)('CLASS')
        PsiElement(HaskellTokenType.PRAGMA)('"java.io.PrintStream"')
        PsiElement(HaskellTokenType.#-})('#-}')
      TYPEE
        ATYPE
          OQTYCON
            QTYCON
              TYCON
                CONID
                  PsiElement(HaskellTokenType.conidRegexp)('PrintStream')
      PsiElement(HaskellTokenType.=)('=')
      CONSTR
        CON
          CONID
            PsiElement(HaskellTokenType.conidRegexp)('PrintStream')
        ATYPE
          PsiElement(HaskellTokenType.()('(')
          CTYPE
            TYPEE
              ATYPE
                OQTYCON
                  QTYCON
                    TYCON
                      CONID
                        PsiElement(HaskellTokenType.conidRegexp)('Object')
                PsiElement(HaskellTokenType.#)('#')
              ATYPE
                OQTYCON
                  QTYCON
                    TYCON
                      CONID
                        PsiElement(HaskellTokenType.conidRegexp)('PrintStream')
          PsiElement(HaskellTokenType.))(')')
    INSTANCEDECL
      PsiElement(HaskellTokenType.instance)('instance')
      CTYPE
        TYPEE
          ATYPE
            OQTYCON
              QTYCON
                TYCON
                  CONID
                    PsiElement(HaskellTokenType.conidRegexp)('Class')
          ATYPE
            PsiElement(HaskellTokenType.()('(')
            CTYPE
              TYPEE
                ATYPE
                  OQTYCON
                    QTYCON
                      TYCON
                        CONID
                          PsiElement(HaskellTokenType.conidRegexp)('ArrayList')
                ATYPE
                  TYVAR
                    VARID
                      PsiElement(HaskellTokenType.varidRegexp)('a')
            PsiElement(HaskellTokenType.))(')')
      PsiElement(HaskellTokenType.where)('where')
      IDECL
        FUNORPATDECL
          PAT
            VARID
              PsiElement(HaskellTokenType.varidRegexp)('obj')
          RHS
            PsiElement(HaskellTokenType.=)('=')
            EXP
              QCON
                QCONID
                  CONID
                    PsiElement(HaskellTokenType.conidRegexp)('ArrayList')
      IDECL
        FUNORPATDECL
          VARID
            PsiElement(HaskellTokenType.varidRegexp)('unobj')
          PsiElement(HaskellTokenType.()('(')
          PAT
            QCON
              QCONID
                CONID
                  PsiElement(HaskellTokenType.conidRegexp)('ArrayList')
            VARID
              PsiElement(HaskellTokenType.varidRegexp)('o')
          PsiElement(HaskellTokenType.))(')')
          RHS
            PsiElement(HaskellTokenType.=)('=')
            EXP
              QVAR
                QVARID
                  VARID
                    PsiElement(HaskellTokenType.varidRegexp)('o')
    INSTANCEDECL
      PsiElement(HaskellTokenType.instance)('instance')
      CTYPE
        TYPEE
          ATYPE
            OQTYCON
              QTYCON
                TYCON
                  CONID
                    PsiElement(HaskellTokenType.conidRegexp)('Class')
          ATYPE
            PsiElement(HaskellTokenType.()('(')
            CTYPE
              TYPEE
                ATYPE
                  OQTYCON
                    QTYCON
                      TYCON
                        CONID
                          PsiElement(HaskellTokenType.conidRegexp)('List')
                ATYPE
                  TYVAR
                    VARID
                      PsiElement(HaskellTokenType.varidRegexp)('a')
            PsiElement(HaskellTokenType.))(')')
      PsiElement(HaskellTokenType.where)('where')
      IDECL
        FUNORPATDECL
          PAT
            VARID
              PsiElement(HaskellTokenType.varidRegexp)('obj')
          RHS
            PsiElement(HaskellTokenType.=)('=')
            EXP
              QCON
                QCONID
                  CONID
                    PsiElement(HaskellTokenType.conidRegexp)('List')
      IDECL
        FUNORPATDECL
          VARID
            PsiElement(HaskellTokenType.varidRegexp)('unobj')
          PsiElement(HaskellTokenType.()('(')
          PAT
            QCON
              QCONID
                CONID
                  PsiElement(HaskellTokenType.conidRegexp)('List')
            VARID
              PsiElement(HaskellTokenType.varidRegexp)('o')
          PsiElement(HaskellTokenType.))(')')
          RHS
            PsiElement(HaskellTokenType.=)('=')
            EXP
              QVAR
                QVARID
                  VARID
                    PsiElement(HaskellTokenType.varidRegexp)('o')
    INSTANCEDECL
      PsiElement(HaskellTokenType.instance)('instance')
      CTYPE
        TYPEE
          ATYPE
            OQTYCON
              QTYCON
                TYCON
                  CONID
                    PsiElement(HaskellTokenType.conidRegexp)('Class')
          ATYPE
            PsiElement(HaskellTokenType.()('(')
            CTYPE
              TYPEE
                ATYPE
                  OQTYCON
                    QTYCON
                      TYCON
                        CONID
                          PsiElement(HaskellTokenType.conidRegexp)('Collection')
                ATYPE
                  TYVAR
                    VARID
                      PsiElement(HaskellTokenType.varidRegexp)('a')
            PsiElement(HaskellTokenType.))(')')
      PsiElement(HaskellTokenType.where)('where')
      IDECL
        FUNORPATDECL
          PAT
            VARID
              PsiElement(HaskellTokenType.varidRegexp)('obj')
          RHS
            PsiElement(HaskellTokenType.=)('=')
            EXP
              QCON
                QCONID
                  CONID
                    PsiElement(HaskellTokenType.conidRegexp)('Collection')
      IDECL
        FUNORPATDECL
          VARID
            PsiElement(HaskellTokenType.varidRegexp)('unobj')
          PsiElement(HaskellTokenType.()('(')
          PAT
            QCON
              QCONID
                CONID
                  PsiElement(HaskellTokenType.conidRegexp)('Collection')
            VARID
              PsiElement(HaskellTokenType.varidRegexp)('o')
          PsiElement(HaskellTokenType.))(')')
          RHS
            PsiElement(HaskellTokenType.=)('=')
            EXP
              QVAR
                QVARID
                  VARID
                    PsiElement(HaskellTokenType.varidRegexp)('o')
    INSTANCEDECL
      PsiElement(HaskellTokenType.instance)('instance')
      CTYPE
        TYPEE
          ATYPE
            OQTYCON
              QTYCON
                TYCON
                  CONID
                    PsiElement(HaskellTokenType.conidRegexp)('Class')
          ATYPE
            OQTYCON
              QTYCON
                TYCON
                  CONID
                    PsiElement(HaskellTokenType.conidRegexp)('JInteger')
      PsiElement(HaskellTokenType.where)('where')
      IDECL
        FUNORPATDECL
          PAT
            VARID
              PsiElement(HaskellTokenType.varidRegexp)('obj')
          RHS
            PsiElement(HaskellTokenType.=)('=')
            EXP
              QCON
                QCONID
                  CONID
                    PsiElement(HaskellTokenType.conidRegexp)('JInteger')
      IDECL
        FUNORPATDECL
          VARID
            PsiElement(HaskellTokenType.varidRegexp)('unobj')
          PsiElement(HaskellTokenType.()('(')
          PAT
            QCON
              QCONID
                CONID
                  PsiElement(HaskellTokenType.conidRegexp)('JInteger')
            VARID
              PsiElement(HaskellTokenType.varidRegexp)('o')
          PsiElement(HaskellTokenType.))(')')
          RHS
            PsiElement(HaskellTokenType.=)('=')
            EXP
              QVAR
                QVARID
                  VARID
                    PsiElement(HaskellTokenType.varidRegexp)('o')
    INSTANCEDECL
      PsiElement(HaskellTokenType.instance)('instance')
      CTYPE
        TYPEE
          ATYPE
            OQTYCON
              QTYCON
                TYCON
                  CONID
                    PsiElement(HaskellTokenType.conidRegexp)('Class')
          ATYPE
            OQTYCON
              QTYCON
                TYCON
                  CONID
                    PsiElement(HaskellTokenType.conidRegexp)('PrintStream')
      PsiElement(HaskellTokenType.where)('where')
      IDECL
        FUNORPATDECL
          PAT
            VARID
              PsiElement(HaskellTokenType.varidRegexp)('obj')
          RHS
            PsiElement(HaskellTokenType.=)('=')
            EXP
              QCON
                QCONID
                  CONID
                    PsiElement(HaskellTokenType.conidRegexp)('PrintStream')
      IDECL
        FUNORPATDECL
          VARID
            PsiElement(HaskellTokenType.varidRegexp)('unobj')
          PsiElement(HaskellTokenType.()('(')
          PAT
            QCON
              QCONID
                CONID
                  PsiElement(HaskellTokenType.conidRegexp)('PrintStream')
            VARID
              PsiElement(HaskellTokenType.varidRegexp)('o')
          PsiElement(HaskellTokenType.))(')')
          RHS
            PsiElement(HaskellTokenType.=)('=')
            EXP
              QVAR
                QVARID
                  VARID
                    PsiElement(HaskellTokenType.varidRegexp)('o')
    TYPEDECL
      PsiElement(HaskellTokenType.type)('type')
      PsiElement(HaskellTokenType.instance)('instance')
      TYPEE
        ATYPE
          OQTYCON
            QTYCON
              TYCON
                CONID
                  PsiElement(HaskellTokenType.conidRegexp)('Inherits')
        ATYPE
          PsiElement(HaskellTokenType.()('(')
          CTYPE
            TYPEE
              ATYPE
                OQTYCON
                  QTYCON
                    TYCON
                      CONID
                        PsiElement(HaskellTokenType.conidRegexp)('ArrayList')
              ATYPE
                TYVAR
                  VARID
                    PsiElement(HaskellTokenType.varidRegexp)('a')
          PsiElement(HaskellTokenType.))(')')
      PsiElement(HaskellTokenType.=)('=')
      CTYPE
        TYPEE
          ATYPE
            PsiElement(HaskellTokenType.')(''')
            PsiElement(HaskellTokenType.[)('[')
            CTYPE
              TYPEE
                ATYPE
                  OQTYCON
                    QTYCON
                      TYCON
                        CONID
                          PsiElement(HaskellTokenType.conidRegexp)('List')
                ATYPE
                  TYVAR
                    VARID
                      PsiElement(HaskellTokenType.varidRegexp)('a')
            PsiElement(HaskellTokenType.])(']')
    TYPEDECL
      PsiElement(HaskellTokenType.type)('type')
      PsiElement(HaskellTokenType.instance)('instance')
      TYPEE
        ATYPE
          OQTYCON
            QTYCON
              TYCON
                CONID
                  PsiElement(HaskellTokenType.conidRegexp)('Inherits')
        ATYPE
          PsiElement(HaskellTokenType.()('(')
          CTYPE
            TYPEE
              ATYPE
                OQTYCON
                  QTYCON
                    TYCON
                      CONID
                        PsiElement(HaskellTokenType.conidRegexp)('List')
              ATYPE
                TYVAR
                  VARID
                    PsiElement(HaskellTokenType.varidRegexp)('a')
          PsiElement(HaskellTokenType.))(')')
      PsiElement(HaskellTokenType.=)('=')
      CTYPE
        TYPEE
          ATYPE
            PsiElement(HaskellTokenType.')(''')
            PsiElement(HaskellTokenType.[)('[')
            CTYPE
              TYPEE
                ATYPE
                  OQTYCON
                    QTYCON
                      TYCON
                        CONID
                          PsiElement(HaskellTokenType.conidRegexp)('Collection')
                ATYPE
                  TYVAR
                    VARID
                      PsiElement(HaskellTokenType.varidRegexp)('a')
            PsiElement(HaskellTokenType.])(']')
    TYPEDECL
      PsiElement(HaskellTokenType.type)('type')
      PsiElement(HaskellTokenType.instance)('instance')
      TYPEE
        ATYPE
          OQTYCON
            QTYCON
              TYCON
                CONID
                  PsiElement(HaskellTokenType.conidRegexp)('Inherits')
        ATYPE
          OQTYCON
            QTYCON
              TYCON
                CONID
                  PsiElement(HaskellTokenType.conidRegexp)('JInteger')
      PsiElement(HaskellTokenType.=)('=')
      CTYPE
        TYPEE
          ATYPE
            PsiElement(HaskellTokenType.')(''')
            PsiElement(HaskellTokenType.[)('[')
            CTYPE
              TYPEE
                ATYPE
                  OQTYCON
                    QTYCON
                      TYCON
                        CONID
                          PsiElement(HaskellTokenType.conidRegexp)('Object')
            PsiElement(HaskellTokenType.])(']')
    FOREIGNDECL
      PsiElement(HaskellTokenType.foreign)('foreign')
      PsiElement(HaskellTokenType.import)('import')
      PsiElement(HaskellTokenType.varidRegexp)('java')
      PsiElement(HaskellTokenType.varidRegexp)('unsafe')
      PSTRINGTOKEN
        PsiElement(HaskellTokenType.")('"')
        PsiElement(HaskellTokenType.STRINGTOKEN)('@new')
        PsiElement(HaskellTokenType.")('"')
      VARID
        PsiElement(HaskellTokenType.varidRegexp)('newInteger')
      PsiElement(HaskellTokenType.::)('::')
      QTYCON
        TYCON
          CONID
            PsiElement(HaskellTokenType.conidRegexp)('Int')
      PsiElement(HaskellTokenType.->)('->')
      QTYCON
        TYCON
          CONID
            PsiElement(HaskellTokenType.conidRegexp)('JInteger')
    FOREIGNDECL
      PsiElement(HaskellTokenType.foreign)('foreign')
      PsiElement(HaskellTokenType.import)('import')
      PsiElement(HaskellTokenType.varidRegexp)('java')
      PsiElement(HaskellTokenType.varidRegexp)('unsafe')
      PSTRINGTOKEN
        PsiElement(HaskellTokenType.")('"')
        PsiElement(HaskellTokenType.STRINGTOKEN)('intValue')
        PsiElement(HaskellTokenType.")('"')
      VARID
        PsiElement(HaskellTokenType.varidRegexp)('intValue')
      PsiElement(HaskellTokenType.::)('::')
      QTYCON
        TYCON
          CONID
            PsiElement(HaskellTokenType.conidRegexp)('JInteger')
      PsiElement(HaskellTokenType.->)('->')
      QTYCON
        TYCON
          CONID
            PsiElement(HaskellTokenType.conidRegexp)('Int')
    FOREIGNDECL
      PsiElement(HaskellTokenType.foreign)('foreign')
      PsiElement(HaskellTokenType.import)('import')
      PsiElement(HaskellTokenType.varidRegexp)('java')
      PsiElement(HaskellTokenType.varidRegexp)('unsafe')
      PSTRINGTOKEN
        PsiElement(HaskellTokenType.")('"')
        PsiElement(HaskellTokenType.STRINGTOKEN)('@new')
        PsiElement(HaskellTokenType.")('"')
      VARID
        PsiElement(HaskellTokenType.varidRegexp)('newArrayList')
      PsiElement(HaskellTokenType.::)('::')
      QTYCON
        TYCON
          CONID
            PsiElement(HaskellTokenType.conidRegexp)('IO')
      ATYPE
        PsiElement(HaskellTokenType.()('(')
        CTYPE
          TYPEE
            ATYPE
              OQTYCON
                QTYCON
                  TYCON
                    CONID
                      PsiElement(HaskellTokenType.conidRegexp)('ArrayList')
            ATYPE
              TYVAR
                VARID
                  PsiElement(HaskellTokenType.varidRegexp)('a')
        PsiElement(HaskellTokenType.))(')')
    FOREIGNDECL
      PsiElement(HaskellTokenType.foreign)('foreign')
      PsiElement(HaskellTokenType.import)('import')
      PsiElement(HaskellTokenType.varidRegexp)('java')
      PsiElement(HaskellTokenType.varidRegexp)('unsafe')
      PSTRINGTOKEN
        PsiElement(HaskellTokenType.")('"')
        PsiElement(HaskellTokenType.STRINGTOKEN)('add')
        PsiElement(HaskellTokenType.")('"')
      VARID
        PsiElement(HaskellTokenType.varidRegexp)('add')
      PsiElement(HaskellTokenType.::)('::')
      CLSCONTEXT
        ATYPE
          PsiElement(HaskellTokenType.()('(')
          CTYPE
            TYPEE
              ATYPE
                OQTYCON
                  QTYCON
                    TYCON
                      CONID
                        PsiElement(HaskellTokenType.conidRegexp)('Extends')
              ATYPE
                TYVAR
                  VARID
                    PsiElement(HaskellTokenType.varidRegexp)('a')
              ATYPE
                OQTYCON
                  QTYCON
                    TYCON
                      CONID
                        PsiElement(HaskellTokenType.conidRegexp)('Object')
          PsiElement(HaskellTokenType.,)(',')
          CTYPE
            TYPEE
              ATYPE
                OQTYCON
                  QTYCON
                    TYCON
                      CONID
                        PsiElement(HaskellTokenType.conidRegexp)('Extends')
              ATYPE
                TYVAR
                  VARID
                    PsiElement(HaskellTokenType.varidRegexp)('b')
              ATYPE
                PsiElement(HaskellTokenType.()('(')
                CTYPE
                  TYPEE
                    ATYPE
                      OQTYCON
                        QTYCON
                          TYCON
                            CONID
                              PsiElement(HaskellTokenType.conidRegexp)('Collection')
                    ATYPE
                      TYVAR
                        VARID
                          PsiElement(HaskellTokenType.varidRegexp)('a')
                PsiElement(HaskellTokenType.))(')')
          PsiElement(HaskellTokenType.))(')')
      PsiElement(HaskellTokenType.=>)('=>')
      TYVAR
        VARID
          PsiElement(HaskellTokenType.varidRegexp)('a')
      PsiElement(HaskellTokenType.->)('->')
      QTYCON
        TYCON
          CONID
            PsiElement(HaskellTokenType.conidRegexp)('Java')
      ATYPE
        TYVAR
          VARID
            PsiElement(HaskellTokenType.varidRegexp)('b')
      ATYPE
        OQTYCON
          QTYCON
            TYCON
              CONID
                PsiElement(HaskellTokenType.conidRegexp)('Bool')
    FOREIGNDECL
      PsiElement(HaskellTokenType.foreign)('foreign')
      PsiElement(HaskellTokenType.import)('import')
      PsiElement(HaskellTokenType.varidRegexp)('java')
      PsiElement(HaskellTokenType.varidRegexp)('unsafe')
      PSTRINGTOKEN
        PsiElement(HaskellTokenType.")('"')
        PsiElement(HaskellTokenType.STRINGTOKEN)('get')
        PsiElement(HaskellTokenType.")('"')
      VARID
        PsiElement(HaskellTokenType.varidRegexp)('get')
      PsiElement(HaskellTokenType.::)('::')
      CLSCONTEXT
        ATYPE
          PsiElement(HaskellTokenType.()('(')
          CTYPE
            TYPEE
              ATYPE
                OQTYCON
                  QTYCON
                    TYCON
                      CONID
                        PsiElement(HaskellTokenType.conidRegexp)('Extends')
              ATYPE
                TYVAR
                  VARID
                    PsiElement(HaskellTokenType.varidRegexp)('a')
              ATYPE
                OQTYCON
                  QTYCON
                    TYCON
                      CONID
                        PsiElement(HaskellTokenType.conidRegexp)('Object')
          PsiElement(HaskellTokenType.,)(',')
          CTYPE
            TYPEE
              ATYPE
                OQTYCON
                  QTYCON
                    TYCON
                      CONID
                        PsiElement(HaskellTokenType.conidRegexp)('Extends')
              ATYPE
                TYVAR
                  VARID
                    PsiElement(HaskellTokenType.varidRegexp)('b')
              ATYPE
                PsiElement(HaskellTokenType.()('(')
                CTYPE
                  TYPEE
                    ATYPE
                      OQTYCON
                        QTYCON
                          TYCON
                            CONID
                              PsiElement(HaskellTokenType.conidRegexp)('List')
                    ATYPE
                      TYVAR
                        VARID
                          PsiElement(HaskellTokenType.varidRegexp)('a')
                PsiElement(HaskellTokenType.))(')')
          PsiElement(HaskellTokenType.))(')')
      PsiElement(HaskellTokenType.=>)('=>')
      QTYCON
        TYCON
          CONID
            PsiElement(HaskellTokenType.conidRegexp)('Int')
      PsiElement(HaskellTokenType.->)('->')
      QTYCON
        TYCON
          CONID
            PsiElement(HaskellTokenType.conidRegexp)('Java')
      ATYPE
        TYVAR
          VARID
            PsiElement(HaskellTokenType.varidRegexp)('b')
      ATYPE
        TYVAR
          VARID
            PsiElement(HaskellTokenType.varidRegexp)('a')
    FOREIGNDECL
      PsiElement(HaskellTokenType.foreign)('foreign')
      PsiElement(HaskellTokenType.import)('import')
      PsiElement(HaskellTokenType.varidRegexp)('java')
      PsiElement(HaskellTokenType.varidRegexp)('unsafe')
      PSTRINGTOKEN
        PsiElement(HaskellTokenType.")('"')
        PsiElement(HaskellTokenType.STRINGTOKEN)('@static @field java.lang.System.out')
        PsiElement(HaskellTokenType.")('"')
      VARID
        PsiElement(HaskellTokenType.varidRegexp)('stdout'')
      PsiElement(HaskellTokenType.::)('::')
      QTYCON
        TYCON
          CONID
            PsiElement(HaskellTokenType.conidRegexp)('PrintStream')
    FOREIGNDECL
      PsiElement(HaskellTokenType.foreign)('foreign')
      PsiElement(HaskellTokenType.import)('import')
      PsiElement(HaskellTokenType.varidRegexp)('java')
      PsiElement(HaskellTokenType.varidRegexp)('unsafe')
      PSTRINGTOKEN
        PsiElement(HaskellTokenType.")('"')
        PsiElement(HaskellTokenType.STRINGTOKEN)('println')
        PsiElement(HaskellTokenType.")('"')
      VARID
        PsiElement(HaskellTokenType.varidRegexp)('println')
      PsiElement(HaskellTokenType.::)('::')
      CLSCONTEXT
        ATYPE
          OQTYCON
            QTYCON
              TYCON
                CONID
                  PsiElement(HaskellTokenType.conidRegexp)('Extends')
        ATYPE
          TYVAR
            VARID
              PsiElement(HaskellTokenType.varidRegexp)('a')
        ATYPE
          OQTYCON
            QTYCON
              TYCON
                CONID
                  PsiElement(HaskellTokenType.conidRegexp)('Object')
      PsiElement(HaskellTokenType.=>)('=>')
      QTYCON
        TYCON
          CONID
            PsiElement(HaskellTokenType.conidRegexp)('PrintStream')
      PsiElement(HaskellTokenType.->)('->')
      TYVAR
        VARID
          PsiElement(HaskellTokenType.varidRegexp)('a')
      PsiElement(HaskellTokenType.->)('->')
      QTYCON
        TYCON
          CONID
            PsiElement(HaskellTokenType.conidRegexp)('IO')
      ATYPE
        OQTYCON
          QTYCON
            TYCON
              CONID
                PsiElement(HaskellTokenType.conidRegexp)('()')