Haskell File
  MODULEDECL
    PsiElement(HaskellTokenType.module)('module')
    QCONID
      CONID
        PsiElement(HaskellTokenType.conidRegexp)('Import00007')
    PsiElement(HaskellTokenType.where)('where')
  BODY
    IMPDECL
      PsiElement(HaskellTokenType.import)('import')
      QCONID
        CONID
          PsiElement(HaskellTokenType.conidRegexp)('Servant')
      PsiElement(HaskellTokenType.()('(')
      IMPORTT
        TYCON
          PsiElement(HaskellTokenType.()('(')
          CONSYM
            PsiElement(HaskellTokenType.Consym)(':<|>')
          PsiElement(HaskellTokenType.))(')')
        PsiElement(HaskellTokenType.()('(')
        CON
          PsiElement(HaskellTokenType.()('(')
          CONSYM
            PsiElement(HaskellTokenType.Consym)(':<|>')
          PsiElement(HaskellTokenType.))(')')
        PsiElement(HaskellTokenType.))(')')
      PsiElement(HaskellTokenType.))(')')