Haskell File
  MODULEDECL
    PsiElement(HaskellTokenType.module)('module')
    QCONID
      CONID
        PsiElement(HaskellTokenType.conidRegexp)('Import00008')
    PsiElement(HaskellTokenType.where)('where')
  BODY
    IMPDECL
      PsiElement(HaskellTokenType.import)('import')
      QCONID
        CONID
          PsiElement(HaskellTokenType.conidRegexp)('Control')
        PsiElement(HaskellTokenType..)('.')
        CONID
          PsiElement(HaskellTokenType.conidRegexp)('Natural')
      PsiElement(HaskellTokenType.()('(')
      IMPORTT
        PsiElement(HaskellTokenType.type)('type')
        PsiElement(HaskellTokenType.()('(')
        VARSYM
          PsiElement(HaskellTokenType.Varsym)('~>')
        PsiElement(HaskellTokenType.))(')')
      PsiElement(HaskellTokenType.))(')')