HaskellTokenType.module ('module')
WHITE_SPACE (' ')
HaskellTokenType.conidRegexp ('BlockArguments00001')
WHITE_SPACE (' ')
HaskellTokenType.where ('where')
WHITE_SPACE ('\n\n')
HaskellTokenType.varidRegexp ('spec')
WHITE_SPACE (' ')
HaskellTokenType.:: ('::')
WHITE_SPACE (' ')
HaskellTokenType.conidRegexp ('Spec')
WHITE_SPACE ('\n')
HaskellTokenType.varidRegexp ('spec')
WHITE_SPACE (' ')
HaskellTokenType.= ('=')
WHITE_SPACE (' ')
HaskellTokenType.do ('do')
WHITE_SPACE ('\n  ')
HaskellTokenType.varidRegexp ('describe')
WHITE_SPACE (' ')
HaskellTokenType." ('"')
HaskellTokenType.STRINGTOKEN ('BlockArguments')
HaskellTokenType." ('"')
WHITE_SPACE (' ')
HaskellTokenType.do ('do')
WHITE_SPACE ('\n    ')
HaskellTokenType.varidRegexp ('it')
WHITE_SPACE (' ')
HaskellTokenType." ('"')
HaskellTokenType.STRINGTOKEN ('is parsed in HaskForce')
HaskellTokenType." ('"')
WHITE_SPACE (' ')
HaskellTokenType.Varsym ('$')
WHITE_SPACE (' ')
HaskellTokenType.varidRegexp ('test')
WHITE_SPACE (' ')
HaskellTokenType.\ ('\')
HaskellTokenType.conidRegexp ('Resources')
WHITE_SPACE (' ')
HaskellTokenType.{ ('{')
WHITE_SPACE (' ')
HaskellTokenType... ('..')
WHITE_SPACE (' ')
HaskellTokenType.} ('}')
WHITE_SPACE (' ')
HaskellTokenType.-> ('->')
WHITE_SPACE (' ')
HaskellTokenType.do ('do')
WHITE_SPACE ('\n      ')
HaskellTokenType.varidRegexp ('thing')
WHITE_SPACE (' ')
HaskellTokenType.Infix varid ('`shouldReturn`')
WHITE_SPACE (' ')
HaskellTokenType.[ ('[')
HaskellTokenType.] (']')
WHITE_SPACE ('\n      ')
HaskellTokenType.varidRegexp ('other')
WHITE_SPACE (' ')
HaskellTokenType.Varsym ('>>=')
WHITE_SPACE (' ')
HaskellTokenType.varidRegexp ('expectPatternM')
WHITE_SPACE (' ')
HaskellTokenType.\ ('\')
HaskellTokenType.[ ('[')
HaskellTokenType.conidRegexp ('Obj')
WHITE_SPACE (' ')
HaskellTokenType.{ ('{')
WHITE_SPACE (' ')
HaskellTokenType.varidRegexp ('foo')
HaskellTokenType., (',')
WHITE_SPACE (' ')
HaskellTokenType.varidRegexp ('bar')
WHITE_SPACE (' ')
HaskellTokenType.} ('}')
HaskellTokenType.] (']')
WHITE_SPACE (' ')
HaskellTokenType.-> ('->')
WHITE_SPACE (' ')
HaskellTokenType.do ('do')
WHITE_SPACE ('\n        ')
HaskellTokenType.varidRegexp ('foo')
WHITE_SPACE (' ')
HaskellTokenType.Infix varid ('`shouldBe`')
WHITE_SPACE (' ')
HaskellTokenType.integertoken ('1')
WHITE_SPACE ('\n        ')
HaskellTokenType.varidRegexp ('bar')
WHITE_SPACE (' ')
HaskellTokenType.Infix varid ('`shouldBe`')
WHITE_SPACE (' ')
HaskellTokenType.chartoken (''b'')