HaskellTokenType.module ('module')
WHITE_SPACE (' ')
HaskellTokenType.conidRegexp ('DerivingStrategies00001')
WHITE_SPACE (' ')
HaskellTokenType.where ('where')
WHITE_SPACE ('\n\n')
HaskellTokenType.data ('data')
WHITE_SPACE (' ')
HaskellTokenType.conidRegexp ('Foo')
WHITE_SPACE (' ')
HaskellTokenType.= ('=')
WHITE_SPACE (' ')
HaskellTokenType.conidRegexp ('Foo')
WHITE_SPACE ('\n  ')
HaskellTokenType.deriving ('deriving')
WHITE_SPACE (' ')
HaskellTokenType.varidRegexp ('stock')
WHITE_SPACE (' ')
HaskellTokenType.( ('(')
HaskellTokenType.conidRegexp ('Bar')
HaskellTokenType.) (')')
WHITE_SPACE ('\n\n')
HaskellTokenType.data ('data')
WHITE_SPACE (' ')
HaskellTokenType.conidRegexp ('Foo')
WHITE_SPACE (' ')
HaskellTokenType.= ('=')
WHITE_SPACE (' ')
HaskellTokenType.conidRegexp ('Foo')
WHITE_SPACE ('\n  ')
HaskellTokenType.deriving ('deriving')
WHITE_SPACE (' ')
HaskellTokenType.varidRegexp ('anyclass')
WHITE_SPACE (' ')
HaskellTokenType.( ('(')
HaskellTokenType.conidRegexp ('Bar')
HaskellTokenType.) (')')
WHITE_SPACE ('\n\n')
HaskellTokenType.data ('data')
WHITE_SPACE (' ')
HaskellTokenType.conidRegexp ('Foo')
WHITE_SPACE (' ')
HaskellTokenType.= ('=')
WHITE_SPACE (' ')
HaskellTokenType.conidRegexp ('Foo')
WHITE_SPACE ('\n  ')
HaskellTokenType.deriving ('deriving')
WHITE_SPACE (' ')
HaskellTokenType.varidRegexp ('stock')
WHITE_SPACE (' ')
HaskellTokenType.( ('(')
HaskellTokenType.conidRegexp ('Bar')
HaskellTokenType.) (')')
WHITE_SPACE ('\n  ')
HaskellTokenType.deriving ('deriving')
WHITE_SPACE (' ')
HaskellTokenType.varidRegexp ('anyclass')
WHITE_SPACE (' ')
HaskellTokenType.( ('(')
HaskellTokenType.conidRegexp ('Bar')
HaskellTokenType.) (')')
WHITE_SPACE ('\n\n\n')
HaskellTokenType.newtype ('newtype')
WHITE_SPACE (' ')
HaskellTokenType.conidRegexp ('Foo')
WHITE_SPACE (' ')
HaskellTokenType.= ('=')
WHITE_SPACE (' ')
HaskellTokenType.conidRegexp ('Foo')
WHITE_SPACE (' ')
HaskellTokenType.conidRegexp ('Int')
WHITE_SPACE ('\n  ')
HaskellTokenType.deriving ('deriving')
WHITE_SPACE (' ')
HaskellTokenType.varidRegexp ('stock')
WHITE_SPACE (' ')
HaskellTokenType.( ('(')
HaskellTokenType.conidRegexp ('Bar')
HaskellTokenType.) (')')
WHITE_SPACE ('\n\n')
HaskellTokenType.newtype ('newtype')
WHITE_SPACE (' ')
HaskellTokenType.conidRegexp ('Foo')
WHITE_SPACE (' ')
HaskellTokenType.= ('=')
WHITE_SPACE (' ')
HaskellTokenType.conidRegexp ('Foo')
WHITE_SPACE (' ')
HaskellTokenType.conidRegexp ('Int')
WHITE_SPACE ('\n  ')
HaskellTokenType.deriving ('deriving')
WHITE_SPACE (' ')
HaskellTokenType.newtype ('newtype')
WHITE_SPACE (' ')
HaskellTokenType.( ('(')
HaskellTokenType.conidRegexp ('Bar')
HaskellTokenType.) (')')
WHITE_SPACE ('\n\n')
HaskellTokenType.newtype ('newtype')
WHITE_SPACE (' ')
HaskellTokenType.conidRegexp ('Foo')
WHITE_SPACE (' ')
HaskellTokenType.= ('=')
WHITE_SPACE (' ')
HaskellTokenType.conidRegexp ('Foo')
WHITE_SPACE (' ')
HaskellTokenType.conidRegexp ('Int')
WHITE_SPACE ('\n  ')
HaskellTokenType.deriving ('deriving')
WHITE_SPACE (' ')
HaskellTokenType.varidRegexp ('anyclass')
WHITE_SPACE (' ')
HaskellTokenType.( ('(')
HaskellTokenType.conidRegexp ('Bar')
HaskellTokenType.) (')')
WHITE_SPACE ('\n\n')
HaskellTokenType.newtype ('newtype')
WHITE_SPACE (' ')
HaskellTokenType.conidRegexp ('Foo')
WHITE_SPACE (' ')
HaskellTokenType.= ('=')
WHITE_SPACE (' ')
HaskellTokenType.conidRegexp ('Foo')
WHITE_SPACE (' ')
HaskellTokenType.conidRegexp ('Int')
WHITE_SPACE ('\n  ')
HaskellTokenType.deriving ('deriving')
WHITE_SPACE (' ')
HaskellTokenType.varidRegexp ('stock')
WHITE_SPACE (' ')
HaskellTokenType.( ('(')
HaskellTokenType.conidRegexp ('Bar')
HaskellTokenType.) (')')
WHITE_SPACE ('\n  ')
HaskellTokenType.deriving ('deriving')
WHITE_SPACE (' ')
HaskellTokenType.newtype ('newtype')
WHITE_SPACE (' ')
HaskellTokenType.( ('(')
HaskellTokenType.conidRegexp ('Bar')
HaskellTokenType.) (')')
WHITE_SPACE ('\n  ')
HaskellTokenType.deriving ('deriving')
WHITE_SPACE (' ')
HaskellTokenType.varidRegexp ('anyclass')
WHITE_SPACE (' ')
HaskellTokenType.( ('(')
HaskellTokenType.conidRegexp ('Bar')
HaskellTokenType.) (')')