HaskellTokenType.module ('module')
WHITE_SPACE (' ')
HaskellTokenType.conidRegexp ('Import00008')
WHITE_SPACE (' ')
HaskellTokenType.where ('where')
WHITE_SPACE ('\n\n')
HaskellTokenType.import ('import')
WHITE_SPACE (' ')
HaskellTokenType.conidRegexp ('Control.Natural')
WHITE_SPACE (' ')
HaskellTokenType.( ('(')
HaskellTokenType.type ('type')
WHITE_SPACE (' ')
HaskellTokenType.( ('(')
HaskellTokenType.Varsym ('~>')
HaskellTokenType.) (')')
HaskellTokenType.) (')')