HaskellTokenType.module ('module')
WHITE_SPACE (' ')
HaskellTokenType.conidRegexp ('Import00007')
WHITE_SPACE (' ')
HaskellTokenType.where ('where')
WHITE_SPACE ('\n\n')
HaskellTokenType.import ('import')
WHITE_SPACE (' ')
HaskellTokenType.conidRegexp ('Servant')
WHITE_SPACE (' ')
HaskellTokenType.( ('(')
HaskellTokenType.( ('(')
HaskellTokenType.Consym (':<|>')
HaskellTokenType.) (')')
HaskellTokenType.( ('(')
HaskellTokenType.( ('(')
HaskellTokenType.Consym (':<|>')
HaskellTokenType.) (')')
HaskellTokenType.) (')')
HaskellTokenType.) (')')