HaskellTokenType.module ('module')
WHITE_SPACE (' ')
HaskellTokenType.conidRegexp ('Gold.Parser.Layout00026')
WHITE_SPACE (' ')
HaskellTokenType.where ('where')
WHITE_SPACE ('\n\n')
HaskellTokenType.import ('import')
WHITE_SPACE (' ')
HaskellTokenType.conidRegexp ('Data.Text')
WHITE_SPACE (' ')
HaskellTokenType.( ('(')
HaskellTokenType.conidRegexp ('Text')
HaskellTokenType.) (')')
WHITE_SPACE ('\n')
HaskellTokenType.import ('import')
WHITE_SPACE (' ')
HaskellTokenType.conidRegexp ('GHC.Generics')
WHITE_SPACE ('\n')
HaskellTokenType.import ('import')
WHITE_SPACE (' ')
HaskellTokenType.conidRegexp ('Foo.Types')
WHITE_SPACE (' ')
HaskellTokenType.( ('(')
HaskellTokenType.conidRegexp ('Id')
HaskellTokenType.) (')')
WHITE_SPACE ('\n')
HaskellTokenType.import ('import')
WHITE_SPACE (' ')
HaskellTokenType.conidRegexp ('Bar.Types')
WHITE_SPACE (' ')
HaskellTokenType.( ('(')
HaskellTokenType.conidRegexp ('Person')
HaskellTokenType.) (')')
WHITE_SPACE ('\n')
HaskellTokenType.import ('import')
WHITE_SPACE (' ')
HaskellTokenType.qualified ('qualified')
WHITE_SPACE (' ')
HaskellTokenType.conidRegexp ('Data.Aeson')
WHITE_SPACE (' ')
HaskellTokenType.as ('as')
WHITE_SPACE (' ')
HaskellTokenType.conidRegexp ('Aeson')
WHITE_SPACE ('\n\n')
HaskellTokenType.data ('data')
WHITE_SPACE (' ')
HaskellTokenType.conidRegexp ('Elem')
WHITE_SPACE (' ')
HaskellTokenType.= ('=')
WHITE_SPACE (' ')
HaskellTokenType.conidRegexp ('Elem')
WHITE_SPACE ('\n  ')
HaskellTokenType.{ ('{')
WHITE_SPACE (' ')
HaskellTokenType.varidRegexp ('name')
WHITE_SPACE (' ')
HaskellTokenType.:: ('::')
WHITE_SPACE (' ')
HaskellTokenType.conidRegexp ('Text')
WHITE_SPACE ('\n  ')
HaskellTokenType., (',')
WHITE_SPACE (' ')
HaskellTokenType.varidRegexp ('person')
WHITE_SPACE (' ')
HaskellTokenType.:: ('::')
WHITE_SPACE (' ')
HaskellTokenType.( ('(')
HaskellTokenType.conidRegexp ('Id')
WHITE_SPACE (' ')
HaskellTokenType.conidRegexp ('Person')
HaskellTokenType.) (')')
WHITE_SPACE ('\n  ')
HaskellTokenType.} ('}')
WHITE_SPACE (' ')
HaskellTokenType.deriving ('deriving')
WHITE_SPACE (' ')
HaskellTokenType.varidRegexp ('stock')
WHITE_SPACE (' ')
HaskellTokenType.( ('(')
HaskellTokenType.conidRegexp ('Show')
HaskellTokenType., (',')
WHITE_SPACE (' ')
HaskellTokenType.conidRegexp ('Generic')
HaskellTokenType.) (')')
WHITE_SPACE ('\n    ')
HaskellTokenType.deriving ('deriving')
WHITE_SPACE (' ')
HaskellTokenType.varidRegexp ('anyclass')
WHITE_SPACE (' ')
HaskellTokenType.( ('(')
HaskellTokenType.conidRegexp ('Aeson.ToJSON')
HaskellTokenType., (',')
WHITE_SPACE (' ')
HaskellTokenType.conidRegexp ('Aeson.FromJSON')
HaskellTokenType.) (')')
WHITE_SPACE ('\n\n')
HaskellTokenType.type ('type')
WHITE_SPACE (' ')
HaskellTokenType.conidRegexp ('Foo')
WHITE_SPACE (' ')
HaskellTokenType.varidRegexp ('f')
WHITE_SPACE (' ')
HaskellTokenType.= ('=')
WHITE_SPACE (' ')
HaskellTokenType.conidRegexp ('Baz')
WHITE_SPACE (' ')
HaskellTokenType.( ('(')
HaskellTokenType.conidRegexp ('Spam')
WHITE_SPACE (' ')
HaskellTokenType.varidRegexp ('f')
HaskellTokenType.) (')')
WHITE_SPACE ('\n')
HaskellTokenType.type ('type')
WHITE_SPACE (' ')
HaskellTokenType.conidRegexp ('Bar')
WHITE_SPACE (' ')
HaskellTokenType.varidRegexp ('f')
WHITE_SPACE (' ')
HaskellTokenType.= ('=')
WHITE_SPACE (' ')
HaskellTokenType.conidRegexp ('Baz')
WHITE_SPACE (' ')
HaskellTokenType.( ('(')
HaskellTokenType.conidRegexp ('Eggs')
WHITE_SPACE (' ')
HaskellTokenType.varidRegexp ('f')
HaskellTokenType.) (')')
WHITE_SPACE ('\n\n')
HaskellTokenType.data ('data')
WHITE_SPACE (' ')
HaskellTokenType.conidRegexp ('Baz')
WHITE_SPACE (' ')
HaskellTokenType.varidRegexp ('v')
WHITE_SPACE (' ')
HaskellTokenType.= ('=')
WHITE_SPACE (' ')
HaskellTokenType.conidRegexp ('Baz')
WHITE_SPACE ('\n  ')
HaskellTokenType.{ ('{')
WHITE_SPACE (' ')
HaskellTokenType.varidRegexp ('value')
WHITE_SPACE (' ')
HaskellTokenType.:: ('::')
WHITE_SPACE (' ')
HaskellTokenType.varidRegexp ('v')
WHITE_SPACE ('\n  ')
HaskellTokenType., (',')
WHITE_SPACE (' ')
HaskellTokenType.varidRegexp ('children')
WHITE_SPACE (' ')
HaskellTokenType.:: ('::')
WHITE_SPACE (' ')
HaskellTokenType.[ ('[')
HaskellTokenType.conidRegexp ('Baz')
WHITE_SPACE (' ')
HaskellTokenType.varidRegexp ('v')
HaskellTokenType.] (']')
WHITE_SPACE ('\n  ')
HaskellTokenType.} ('}')
WHITE_SPACE (' ')
HaskellTokenType.deriving ('deriving')
WHITE_SPACE (' ')
HaskellTokenType.varidRegexp ('stock')
WHITE_SPACE (' ')
HaskellTokenType.( ('(')
HaskellTokenType.conidRegexp ('Show')
HaskellTokenType., (',')
WHITE_SPACE (' ')
HaskellTokenType.conidRegexp ('Generic')
HaskellTokenType.) (')')
WHITE_SPACE ('\n    ')
HaskellTokenType.deriving ('deriving')
WHITE_SPACE (' ')
HaskellTokenType.varidRegexp ('anyclass')
WHITE_SPACE (' ')
HaskellTokenType.( ('(')
HaskellTokenType.conidRegexp ('Aeson.ToJSON')
HaskellTokenType., (',')
WHITE_SPACE (' ')
HaskellTokenType.conidRegexp ('Aeson.FromJSON')
HaskellTokenType.) (')')
WHITE_SPACE ('\n\n')
HaskellTokenType.data ('data')
WHITE_SPACE (' ')
HaskellTokenType.conidRegexp ('Spam')
WHITE_SPACE (' ')
HaskellTokenType.varidRegexp ('f')
WHITE_SPACE ('\n  ')
HaskellTokenType.= ('=')
WHITE_SPACE (' ')
HaskellTokenType.conidRegexp ('Spam1')
WHITE_SPACE (' ')
HaskellTokenType.( ('(')
HaskellTokenType.varidRegexp ('f')
WHITE_SPACE (' ')
HaskellTokenType.conidRegexp ('Person')
HaskellTokenType.) (')')
WHITE_SPACE ('\n  ')
HaskellTokenType.| ('|')
WHITE_SPACE (' ')
HaskellTokenType.conidRegexp ('Spam2')
WHITE_SPACE (' ')
HaskellTokenType.( ('(')
HaskellTokenType.varidRegexp ('f')
WHITE_SPACE (' ')
HaskellTokenType.conidRegexp ('Char')
HaskellTokenType.) (')')
WHITE_SPACE ('\n  ')
HaskellTokenType.deriving ('deriving')
WHITE_SPACE (' ')
HaskellTokenType.varidRegexp ('stock')
WHITE_SPACE (' ')
HaskellTokenType.( ('(')
HaskellTokenType.conidRegexp ('Generic')
HaskellTokenType.) (')')
WHITE_SPACE ('\n\n')
HaskellTokenType.deriving ('deriving')
WHITE_SPACE (' ')
HaskellTokenType.instance ('instance')
WHITE_SPACE ('\n  ')
HaskellTokenType.( ('(')
WHITE_SPACE (' ')
HaskellTokenType.conidRegexp ('Show')
WHITE_SPACE (' ')
HaskellTokenType.( ('(')
HaskellTokenType.varidRegexp ('f')
WHITE_SPACE (' ')
HaskellTokenType.conidRegexp ('Person')
HaskellTokenType.) (')')
WHITE_SPACE ('\n  ')
HaskellTokenType., (',')
WHITE_SPACE (' ')
HaskellTokenType.conidRegexp ('Show')
WHITE_SPACE (' ')
HaskellTokenType.( ('(')
HaskellTokenType.varidRegexp ('f')
WHITE_SPACE (' ')
HaskellTokenType.conidRegexp ('Char')
HaskellTokenType.) (')')
WHITE_SPACE ('\n  ')
HaskellTokenType.) (')')
WHITE_SPACE (' ')
HaskellTokenType.=> ('=>')
WHITE_SPACE (' ')
HaskellTokenType.conidRegexp ('Show')
WHITE_SPACE (' ')
HaskellTokenType.( ('(')
HaskellTokenType.conidRegexp ('Spam')
WHITE_SPACE (' ')
HaskellTokenType.varidRegexp ('f')
HaskellTokenType.) (')')
WHITE_SPACE ('\n\n')
HaskellTokenType.varidRegexp ('aesonOptionsSpam')
WHITE_SPACE (' ')
HaskellTokenType.:: ('::')
WHITE_SPACE (' ')
HaskellTokenType.conidRegexp ('Aeson.Options')
WHITE_SPACE ('\n')
HaskellTokenType.varidRegexp ('aesonOptionsSpam')
WHITE_SPACE (' ')
HaskellTokenType.= ('=')
WHITE_SPACE (' ')
HaskellTokenType.varidRegexp ('Aeson.defaultOptions')
WHITE_SPACE ('\n  ')
HaskellTokenType.{ ('{')
WHITE_SPACE (' ')
HaskellTokenType.varidRegexp ('Aeson.constructorTagModifier')
WHITE_SPACE (' ')
HaskellTokenType.= ('=')
WHITE_SPACE (' ')
HaskellTokenType.varidRegexp ('drop')
WHITE_SPACE (' ')
HaskellTokenType.Varsym ('$')
WHITE_SPACE (' ')
HaskellTokenType.varidRegexp ('length')
WHITE_SPACE (' ')
HaskellTokenType.@ ('@')
HaskellTokenType.[ ('[')
HaskellTokenType.] (']')
WHITE_SPACE (' ')
HaskellTokenType." ('"')
HaskellTokenType.STRINGTOKEN ('Spam')
HaskellTokenType." ('"')
WHITE_SPACE (' ')
HaskellTokenType.} ('}')