HaskellTokenType.module ('module')
WHITE_SPACE (' ')
HaskellTokenType.conidRegexp ('Record00002')
WHITE_SPACE (' ')
HaskellTokenType.where ('where')
WHITE_SPACE ('\n\n')
HaskellTokenType.instance ('instance')
WHITE_SPACE (' ')
HaskellTokenType.conidRegexp ('YesodAuthEmail')
WHITE_SPACE (' ')
HaskellTokenType.conidRegexp ('App')
WHITE_SPACE (' ')
HaskellTokenType.where ('where')
WHITE_SPACE ('\n    ')
HaskellTokenType.type ('type')
WHITE_SPACE (' ')
HaskellTokenType.conidRegexp ('AuthEmailId')
WHITE_SPACE (' ')
HaskellTokenType.conidRegexp ('App')
WHITE_SPACE (' ')
HaskellTokenType.= ('=')
WHITE_SPACE (' ')
HaskellTokenType.conidRegexp ('UserId')
WHITE_SPACE ('\n\n    ')
HaskellTokenType.varidRegexp ('sendVerifyEmail')
WHITE_SPACE (' ')
HaskellTokenType.varidRegexp ('email')
WHITE_SPACE (' ')
HaskellTokenType._ ('_')
WHITE_SPACE (' ')
HaskellTokenType.varidRegexp ('verurl')
WHITE_SPACE (' ')
HaskellTokenType.= ('=')
WHITE_SPACE ('\n        ')
HaskellTokenType.varidRegexp ('liftIO')
WHITE_SPACE (' ')
HaskellTokenType.Varsym ('$')
WHITE_SPACE (' ')
HaskellTokenType.varidRegexp ('renderSendMail')
WHITE_SPACE (' ')
HaskellTokenType.( ('(')
HaskellTokenType.varidRegexp ('emptyMail')
WHITE_SPACE (' ')
HaskellTokenType.Varsym ('$')
WHITE_SPACE (' ')
HaskellTokenType.conidRegexp ('Address')
WHITE_SPACE (' ')
HaskellTokenType.conidRegexp ('Nothing')
WHITE_SPACE (' ')
HaskellTokenType." ('"')
HaskellTokenType.STRINGTOKEN ('noreply')
HaskellTokenType." ('"')
HaskellTokenType.) (')')
WHITE_SPACE ('\n            ')
HaskellTokenType.{ ('{')
WHITE_SPACE (' ')
HaskellTokenType.varidRegexp ('mailTo')
WHITE_SPACE (' ')
HaskellTokenType.= ('=')
WHITE_SPACE (' ')
HaskellTokenType.[ ('[')
HaskellTokenType.conidRegexp ('Address')
WHITE_SPACE (' ')
HaskellTokenType.conidRegexp ('Nothing')
WHITE_SPACE (' ')
HaskellTokenType.varidRegexp ('email')
HaskellTokenType.] (']')
WHITE_SPACE ('\n            ')
HaskellTokenType., (',')
WHITE_SPACE (' ')
HaskellTokenType.varidRegexp ('mailHeaders')
WHITE_SPACE (' ')
HaskellTokenType.= ('=')
WHITE_SPACE (' ')
HaskellTokenType.[ ('[')
HaskellTokenType.( ('(')
HaskellTokenType." ('"')
HaskellTokenType.STRINGTOKEN ('Subject')
HaskellTokenType." ('"')
HaskellTokenType., (',')
WHITE_SPACE (' ')
HaskellTokenType." ('"')
HaskellTokenType.STRINGTOKEN ('Verify your email address')
HaskellTokenType." ('"')
HaskellTokenType.) (')')
HaskellTokenType.] (']')
WHITE_SPACE ('\n            ')
HaskellTokenType., (',')
WHITE_SPACE (' ')
HaskellTokenType.varidRegexp ('mailParts')
WHITE_SPACE (' ')
HaskellTokenType.= ('=')
WHITE_SPACE (' ')
HaskellTokenType.[ ('[')
HaskellTokenType.[ ('[')
HaskellTokenType.varidRegexp ('textPart')
HaskellTokenType., (',')
WHITE_SPACE (' ')
HaskellTokenType.varidRegexp ('htmlPart')
HaskellTokenType.] (']')
HaskellTokenType.] (']')
WHITE_SPACE ('\n            ')
HaskellTokenType.} ('}')
WHITE_SPACE ('\n      ')
HaskellTokenType.where ('where')
WHITE_SPACE ('\n        ')
HaskellTokenType.varidRegexp ('textPart')
WHITE_SPACE (' ')
HaskellTokenType.= ('=')
WHITE_SPACE (' ')
HaskellTokenType.conidRegexp ('Part')
WHITE_SPACE ('\n            ')
HaskellTokenType.{ ('{')
WHITE_SPACE (' ')
HaskellTokenType.varidRegexp ('partType')
WHITE_SPACE (' ')
HaskellTokenType.= ('=')
WHITE_SPACE (' ')
HaskellTokenType." ('"')
HaskellTokenType.STRINGTOKEN ('text/plain; charset=utf-8')
HaskellTokenType." ('"')
WHITE_SPACE ('\n            ')
HaskellTokenType., (',')
WHITE_SPACE (' ')
HaskellTokenType.varidRegexp ('partEncoding')
WHITE_SPACE (' ')
HaskellTokenType.= ('=')
WHITE_SPACE (' ')
HaskellTokenType.conidRegexp ('None')
WHITE_SPACE ('\n            ')
HaskellTokenType., (',')
WHITE_SPACE (' ')
HaskellTokenType.varidRegexp ('partFilename')
WHITE_SPACE (' ')
HaskellTokenType.= ('=')
WHITE_SPACE (' ')
HaskellTokenType.conidRegexp ('Nothing')
WHITE_SPACE ('\n            ')
HaskellTokenType., (',')
WHITE_SPACE (' ')
HaskellTokenType.varidRegexp ('partHeaders')
WHITE_SPACE (' ')
HaskellTokenType.= ('=')
WHITE_SPACE (' ')
HaskellTokenType.[ ('[')
HaskellTokenType.] (']')
WHITE_SPACE ('\n            ')
HaskellTokenType., (',')
WHITE_SPACE (' ')
HaskellTokenType.varidRegexp ('partContent')
WHITE_SPACE (' ')
HaskellTokenType.= ('=')
WHITE_SPACE (' ')
HaskellTokenType.varidRegexp ('Data.Text.Lazy.Encoding.encodeUtf8')
WHITE_SPACE (' ')
HaskellTokenType.Quasi-[ ('[')
HaskellTokenType.varidRegexp ('stext')
HaskellTokenType.| ('|')
HaskellTokenType.Quasi-stuff ('\n                Please confirm your email address by clicking on the link below.\n\n                #{verurl}\n\n                Thank you.\n              ')
HaskellTokenType.|] ('|]')
WHITE_SPACE ('\n            ')
HaskellTokenType.} ('}')
WHITE_SPACE ('\n        ')
HaskellTokenType.varidRegexp ('htmlPart')
WHITE_SPACE (' ')
HaskellTokenType.= ('=')
WHITE_SPACE (' ')
HaskellTokenType.varidRegexp ('textPart')
WHITE_SPACE ('\n            ')
HaskellTokenType.{ ('{')
WHITE_SPACE (' ')
HaskellTokenType.varidRegexp ('partType')
WHITE_SPACE (' ')
HaskellTokenType.= ('=')
WHITE_SPACE (' ')
HaskellTokenType." ('"')
HaskellTokenType.STRINGTOKEN ('text/html; charset=utf-8')
HaskellTokenType." ('"')
WHITE_SPACE ('\n            ')
HaskellTokenType., (',')
WHITE_SPACE (' ')
HaskellTokenType.varidRegexp ('partContent')
WHITE_SPACE (' ')
HaskellTokenType.= ('=')
WHITE_SPACE (' ')
HaskellTokenType.varidRegexp ('renderHtml')
WHITE_SPACE (' ')
HaskellTokenType.Quasi-[ ('[')
HaskellTokenType.varidRegexp ('shamlet')
HaskellTokenType.| ('|')
HaskellTokenType.Quasi-stuff ('\n                <p>Please confirm your email address by clicking the link below.\n                <p>\n                    <a href=#{verurl}>#{verurl}>\n                <p>Thank you\n              ')
HaskellTokenType.|] ('|]')
WHITE_SPACE ('\n            ')
HaskellTokenType.} ('}')